c:\users\ttiig\source\repos\logic\algorithm\arithemeticinterpreter\x64\debug\vc143.pdb
c:\users\ttiig\source\repos\logic\algorithm\arithemeticinterpreter\x64\debug\vc143.idb
c:\users\ttiig\source\repos\logic\algorithm\arithemeticinterpreter\x64\debug\pch.obj
c:\users\ttiig\source\repos\logic\algorithm\arithemeticinterpreter\x64\debug\opnode.obj
c:\users\ttiig\source\repos\logic\algorithm\arithemeticinterpreter\x64\debug\numnode.obj
c:\users\ttiig\source\repos\logic\algorithm\arithemeticinterpreter\x64\debug\node.obj
c:\users\ttiig\source\repos\logic\algorithm\arithemeticinterpreter\x64\debug\main.obj
c:\users\ttiig\source\repos\logic\algorithm\arithemeticinterpreter\x64\debug\opbinarynode.obj
c:\users\ttiig\source\repos\logic\algorithm\arithemeticinterpreter\x64\debug\rootnode.obj
c:\users\ttiig\source\repos\logic\algorithm\arithemeticinterpreter\x64\debug\parser.obj
c:\users\ttiig\source\repos\logic\algorithm\arithemeticinterpreter\x64\debug\memorytracker.obj
c:\users\ttiig\source\repos\logic\algorithm\x64\debug\arithemeticinterpreter.exe
c:\users\ttiig\source\repos\logic\algorithm\x64\debug\arithemeticinterpreter.pdb
c:\users\ttiig\source\repos\logic\algorithm\arithemeticinterpreter\x64\debug\arithemeticinterpreter.ilk
c:\users\ttiig\source\repos\logic\algorithm\arithemeticinterpreter\x64\debug\arithemeticinterpreter.obj
c:\users\ttiig\source\repos\logic\algorithm\arithemeticinterpreter\x64\debug\main.obj.enc
c:\users\ttiig\source\repos\logic\algorithm\arithemeticinterpreter\x64\debug\memorytracker.obj.enc
c:\users\ttiig\source\repos\logic\algorithm\arithemeticinterpreter\x64\debug\node.obj.enc
c:\users\ttiig\source\repos\logic\algorithm\arithemeticinterpreter\x64\debug\numnode.obj.enc
c:\users\ttiig\source\repos\logic\algorithm\arithemeticinterpreter\x64\debug\opbinarynode.obj.enc
c:\users\ttiig\source\repos\logic\algorithm\arithemeticinterpreter\x64\debug\opnode.obj.enc
c:\users\ttiig\source\repos\logic\algorithm\arithemeticinterpreter\x64\debug\parser.obj.enc
c:\users\ttiig\source\repos\logic\algorithm\arithemeticinterpreter\x64\debug\pch.obj.enc
c:\users\ttiig\source\repos\logic\algorithm\arithemeticinterpreter\x64\debug\rootnode.obj.enc
c:\users\ttiig\source\repos\logic\algorithm\arithemeticinterpreter\x64\debug\aritheme.c7041a66.tlog\cl.command.1.tlog
c:\users\ttiig\source\repos\logic\algorithm\arithemeticinterpreter\x64\debug\aritheme.c7041a66.tlog\cl.items.tlog
c:\users\ttiig\source\repos\logic\algorithm\arithemeticinterpreter\x64\debug\aritheme.c7041a66.tlog\cl.read.1.tlog
c:\users\ttiig\source\repos\logic\algorithm\arithemeticinterpreter\x64\debug\aritheme.c7041a66.tlog\cl.write.1.tlog
c:\users\ttiig\source\repos\logic\algorithm\arithemeticinterpreter\x64\debug\aritheme.c7041a66.tlog\link.command.1.tlog
c:\users\ttiig\source\repos\logic\algorithm\arithemeticinterpreter\x64\debug\aritheme.c7041a66.tlog\link.read.1.tlog
c:\users\ttiig\source\repos\logic\algorithm\arithemeticinterpreter\x64\debug\aritheme.c7041a66.tlog\link.secondary.1.tlog
c:\users\ttiig\source\repos\logic\algorithm\arithemeticinterpreter\x64\debug\aritheme.c7041a66.tlog\link.write.1.tlog
