c:\users\ttiig\source\repos\logic\libraries\001.stlcontainer\stlcontainer\x64\debug\vc143.pdb
c:\users\ttiig\source\repos\logic\libraries\001.stlcontainer\stlcontainer\x64\debug\vc143.idb
c:\users\ttiig\source\repos\logic\libraries\001.stlcontainer\stlcontainer\x64\debug\vector.obj
c:\users\ttiig\source\repos\logic\libraries\001.stlcontainer\stlcontainer\x64\debug\temp.obj
c:\users\ttiig\source\repos\logic\libraries\001.stlcontainer\stlcontainer\x64\debug\main.obj
c:\users\ttiig\source\repos\logic\libraries\001.stlcontainer\stlcontainer\x64\debug\stlcontainer.pch
c:\users\ttiig\source\repos\logic\libraries\001.stlcontainer\stlcontainer\x64\debug\pch.obj
c:\users\ttiig\source\repos\logic\libraries\001.stlcontainer\stlcontainer\x64\debug\std.obj
c:\users\ttiig\source\repos\logic\libraries\001.stlcontainer\stlcontainer\x64\debug\mem.obj
c:\users\ttiig\source\repos\logic\libraries\001.stlcontainer\x64\debug\stlcontainer.exe
c:\users\ttiig\source\repos\logic\libraries\001.stlcontainer\x64\debug\stlcontainer.pdb
c:\users\ttiig\source\repos\logic\libraries\001.stlcontainer\stlcontainer\x64\debug\stlcontainer.ilk
c:\users\ttiig\source\repos\logic\libraries\001.stlcontainer\stlcontainer\x64\debug\stlcontainer.tlog\cl.command.1.tlog
c:\users\ttiig\source\repos\logic\libraries\001.stlcontainer\stlcontainer\x64\debug\stlcontainer.tlog\cl.items.tlog
c:\users\ttiig\source\repos\logic\libraries\001.stlcontainer\stlcontainer\x64\debug\stlcontainer.tlog\cl.read.1.tlog
c:\users\ttiig\source\repos\logic\libraries\001.stlcontainer\stlcontainer\x64\debug\stlcontainer.tlog\cl.write.1.tlog
c:\users\ttiig\source\repos\logic\libraries\001.stlcontainer\stlcontainer\x64\debug\stlcontainer.tlog\link.command.1.tlog
c:\users\ttiig\source\repos\logic\libraries\001.stlcontainer\stlcontainer\x64\debug\stlcontainer.tlog\link.read.1.tlog
c:\users\ttiig\source\repos\logic\libraries\001.stlcontainer\stlcontainer\x64\debug\stlcontainer.tlog\link.secondary.1.tlog
c:\users\ttiig\source\repos\logic\libraries\001.stlcontainer\stlcontainer\x64\debug\stlcontainer.tlog\link.write.1.tlog
